[backblue.gif]
[fade.gif]
[index.html]
[cdn.jsdelivr.net/npm/bootstrap@4.6.1/dist/css/bootstrap.min.css]
[cdnjs.cloudflare.com/ajax/libs/font-awesome/4.7.0/css/font-awesome.min.css]
[www.shgtechnologies.com/images/logo-3200x1143.png]
[www.shgtechnologies.com/videos/Visually impaired can now SEE - Smart Vision Glass noaudio.mp4]
[www.shgtechnologies.com/videos/Visually impaired can now SEE - Smart Vision Glass noaudio.webm]
[www.shgtechnologies.com/images/things.png]
[www.shgtechnologies.com/images/book.png]
[www.shgtechnologies.com/images/walk.png]
[www.shgtechnologies.com/images/person.png]
[www.shgtechnologies.com/videos/An Indian Invention for Visually Impaired original.mp4]
[ajax.googleapis.com/ajax/libs/jquery/3.4.1/jquery.min.js]
[cdnjs.cloudflare.com/ajax/libs/popper.js/1.16.0/umd/popper.min.js]
[maxcdn.bootstrapcdn.com/bootstrap/4.4.1/js/bootstrap.min.js]
[www.shgtechnologies.com/index.html]
[cdn.jsdelivr.net/npm/bootstrap@4.6.1/dist/css/bootstrap.min.css]
[cdnjs.cloudflare.com/ajax/libs/font-awesome/4.7.0/css/font-awesome.min.css]
[www.shgtechnologies.com/css/custom.css]
[www.shgtechnologies.com/images/playbutton.svg]
[www.shgtechnologies.com/images/DJRaju-director.png]
[www.shgtechnologies.com/images/Ramu-ceo.png]
[www.shgtechnologies.com/images/associates.png]
[www.shgtechnologies.com/images/world_map.png]
[www.gstatic.com/charts/loader.js]
[www.shgtechnologies.com/about-us.html]
[www.shgtechnologies.com/images/media2.jpg]
[www.shgtechnologies.com/products.html]
[www.shgtechnologies.com/images/media1.png]
[www.shgtechnologies.com/images/media3.jpg]
[www.shgtechnologies.com/images/media4.png]
[www.shgtechnologies.com/images/media5.png]
[www.shgtechnologies.com/images/media6.png]
[www.shgtechnologies.com/images/media8.png]
[www.shgtechnologies.com/images/award_chennai.jpg]
[www.shgtechnologies.com/images/4th.png]
[www.shgtechnologies.com/images/5th.png]
[www.shgtechnologies.com/images/6th.jpg]
[www.shgtechnologies.com/images/7th.jpg]
[www.shgtechnologies.com/media-coverage.html]
[www.shgtechnologies.com/images/white-menu.svg]
[www.shgtechnologies.com/images/612fec8a5d56d80ce1c2f4e0_20210831 - Celesta Web Header Cutdown_v04 (1.html]
[www.shgtechnologies.com/videos/An Indian Invention for Visually Impaired.html]
[www.shgtechnologies.com/privacy-policy.html]
[www.shgtechnologies.com/terms-conditions.html]
[www.shgtechnologies.com/images/eyehospital.html]
